itrans-5.3/lib/fonts/README
itrans-5.3/lib/fonts/Udvnc.fd
itrans-5.3/lib/fonts/bn.mf
itrans-5.3/lib/fonts/bnbanjon.mf
itrans-5.3/lib/fonts/bndigit.mf
itrans-5.3/lib/fonts/bnjuk.mf
itrans-5.3/lib/fonts/bnkaar.mf
itrans-5.3/lib/fonts/bnlig.mf
itrans-5.3/lib/fonts/bnligtbl.mf
itrans-5.3/lib/fonts/bnmacro.mf
itrans-5.3/lib/fonts/bnmisc.mf
itrans-5.3/lib/fonts/bnpunct.mf
itrans-5.3/lib/fonts/bnr10.mf
itrans-5.3/lib/fonts/bnr10.tfm
itrans-5.3/lib/fonts/bnsl10.mf
itrans-5.3/lib/fonts/bnsl10.tfm
itrans-5.3/lib/fonts/bnswar.mf
itrans-5.3/lib/fonts/devnac.afm
itrans-5.3/lib/fonts/devnac.ps
itrans-5.3/lib/fonts/dnh.tfm
itrans-5.3/lib/fonts/dnho.tfm
itrans-5.3/lib/fonts/dnhrc.tfm
itrans-5.3/lib/fonts/dnhre.tfm
itrans-5.3/lib/fonts/dvnb10.tfm
itrans-5.3/lib/fonts/itxbeng.afm
itrans-5.3/lib/fonts/itxbeng.hqx
itrans-5.3/lib/fonts/itxbeng.pfa
itrans-5.3/lib/fonts/itxbeng.tfm
itrans-5.3/lib/fonts/itxbeng.ttf
itrans-5.3/lib/fonts/itxbengo.tfm
itrans-5.3/lib/fonts/itxbngrc.tfm
itrans-5.3/lib/fonts/itxbngre.tfm
itrans-5.3/lib/fonts/itxguj.afm
itrans-5.3/lib/fonts/itxguj.hqx
itrans-5.3/lib/fonts/itxguj.pfa
itrans-5.3/lib/fonts/itxguj.tfm
itrans-5.3/lib/fonts/itxguj.ttf
itrans-5.3/lib/fonts/itxgujo.tfm
itrans-5.3/lib/fonts/itxgujrc.tfm
itrans-5.3/lib/fonts/itxgujre.tfm
itrans-5.3/lib/fonts/kan12.mf
itrans-5.3/lib/fonts/kan12.tfm
itrans-5.3/lib/fonts/kan12b.mf
itrans-5.3/lib/fonts/kan12b.tfm
itrans-5.3/lib/fonts/kan12nx.mf
itrans-5.3/lib/fonts/kan12nx.tfm
itrans-5.3/lib/fonts/kan12ny.mf
itrans-5.3/lib/fonts/kan12s.mf
itrans-5.3/lib/fonts/kan12s.tfm
itrans-5.3/lib/fonts/kan18.mf
itrans-5.3/lib/fonts/kan18.tfm
itrans-5.3/lib/fonts/kanbase.mf
itrans-5.3/lib/fonts/kancodes.mf
itrans-5.3/lib/fonts/kanlets.mf
itrans-5.3/lib/fonts/kanmain.mf
itrans-5.3/lib/fonts/kanparam.mf
itrans-5.3/lib/fonts/kanspc.mf
itrans-5.3/lib/fonts/kanvarna.mf
itrans-5.3/lib/fonts/ncpicsxp.tfm
itrans-5.3/lib/fonts/ncpi____.afm
itrans-5.3/lib/fonts/ncpi____.pfb
itrans-5.3/lib/fonts/ncpi____.pfm
itrans-5.3/lib/fonts/ncpi____.ttf
itrans-5.3/lib/fonts/ncprcsxp.tfm
itrans-5.3/lib/fonts/ncpr____.afm
itrans-5.3/lib/fonts/ncpr____.pfb
itrans-5.3/lib/fonts/ncpr____.pfm
itrans-5.3/lib/fonts/ncpr____.ttf
itrans-5.3/lib/fonts/pun.afm
itrans-5.3/lib/fonts/pun.pfb
itrans-5.3/lib/fonts/pun.tfm
itrans-5.3/lib/fonts/tamil.mf
itrans-5.3/lib/fonts/tamilORG.mf
itrans-5.3/lib/fonts/tamilmax.mf
itrans-5.3/lib/fonts/tel12.mf
itrans-5.3/lib/fonts/tel12.tfm
itrans-5.3/lib/fonts/tel12b.mf
itrans-5.3/lib/fonts/tel12b.tfm
itrans-5.3/lib/fonts/tel12nx.mf
itrans-5.3/lib/fonts/tel12nx.tfm
itrans-5.3/lib/fonts/tel12ny.mf
itrans-5.3/lib/fonts/tel12ny.tfm
itrans-5.3/lib/fonts/tel12s.mf
itrans-5.3/lib/fonts/tel12s.tfm
itrans-5.3/lib/fonts/tel18.mf
itrans-5.3/lib/fonts/tel18.tfm
itrans-5.3/lib/fonts/telbase.mf
itrans-5.3/lib/fonts/telchrs1.mf
itrans-5.3/lib/fonts/telchrs2.mf
itrans-5.3/lib/fonts/telchrs3.mf
itrans-5.3/lib/fonts/telcodes.mf
itrans-5.3/lib/fonts/telmode.mf
itrans-5.3/lib/fonts/telparam.mf
itrans-5.3/lib/fonts/telspc.mf
itrans-5.3/lib/fonts/telspc.tfm
itrans-5.3/lib/fonts/telugu.mf
itrans-5.3/lib/fonts/wntamil.mf
itrans-5.3/lib/fonts/wntml10.mf
itrans-5.3/lib/fonts/wntml10.tfm
itrans-5.3/lib/fonts/wntml12.mf
itrans-5.3/lib/fonts/wntml12.tfm
itrans-5.3/lib/fonts/wntml17.mf
itrans-5.3/lib/fonts/wntml17.tfm
itrans-5.3/lib/fonts/xdvng.afm
itrans-5.3/lib/fonts/xdvng.hqx
itrans-5.3/lib/fonts/xdvng.pfb
itrans-5.3/lib/fonts/xdvng.ttf
