itrans-5.3/CHANGES
itrans-5.3/contrib/itransenc.ifm
itrans-5.3/contrib/latex2html.txt
itrans-5.3/contrib/mkl2h
itrans-5.3/contrib/mkps
itrans-5.3/contrib/prnounce.itx
itrans-5.3/contrib/README
itrans-5.3/contrib/sadhawin234.ifm
itrans-5.3/contrib/sadhawin.ifm
itrans-5.3/contrib/sedto4
itrans-5.3/COPYRIGHT
itrans-5.3/doc/beng.itx
itrans-5.3/doc/dvnc.itx
itrans-5.3/doc/dvng.itx
itrans-5.3/doc/ex_latex.itx
itrans-5.3/doc/ex_ltn1.itx
itrans-5.3/doc/ex_ps.itx
itrans-5.3/doc/ex_utf8.itx
itrans-5.3/doc/flag.ips
itrans-5.3/doc/gujdoc.itx
itrans-5.3/doc/icsx.itx
itrans-5.3/doc/idoc.itx
itrans-5.3/doc/kantex.itx
itrans-5.3/doc/nehru.itx
itrans-5.3/doc/pundoc.itx
itrans-5.3/doc/README
itrans-5.3/doc/romancsx.itx
itrans-5.3/doc/tamil.itx
itrans-5.3/doc/tblall.itx
itrans-5.3/doc/tech.tex
itrans-5.3/doc/tlgutx.itx
itrans-5.3/INSTALL.pc
itrans-5.3/INSTALL.unix
itrans-5.3/itransfn.lst
itrans-5.3/itransht.lst
itrans-5.3/itrans.lst
itrans-5.3/itransps.lst
itrans-5.3/lib/bnbeng.ifm
itrans-5.3/lib/DVIPSRC
itrans-5.3/lib/dvnc.ifm
itrans-5.3/lib/dvngfull.ifm
itrans-5.3/lib/dvng.ifm
itrans-5.3/lib/FONTS.SCALE
itrans-5.3/lib/htmlstub.sty
itrans-5.3/lib/idevn.tex
itrans-5.3/lib/isitx.hdr
itrans-5.3/lib/itrans.map
itrans-5.3/lib/itrans.pro
itrans-5.3/lib/itrans.sty
itrans-5.3/lib/itrnstlg.tex
itrans-5.3/lib/itxbeng.ifm
itrans-5.3/lib/itxguj.ifm
itrans-5.3/lib/kantex.ifm
itrans-5.3/lib/pun.ifm
itrans-5.3/lib/README
itrans-5.3/lib/romancsx.ifm
itrans-5.3/lib/SHENV
itrans-5.3/lib/tikkana.ifm
itrans-5.3/lib/tlgutx.ifm
itrans-5.3/lib/ubeng.ifm
itrans-5.3/lib/udvng.ifm
itrans-5.3/lib/uguj.ifm
itrans-5.3/lib/ugur.ifm
itrans-5.3/lib/ukan.ifm
itrans-5.3/lib/umal.ifm
itrans-5.3/lib/uoriya.ifm
itrans-5.3/lib/uroman.ifm
itrans-5.3/lib/utel.ifm
itrans-5.3/lib/utml.ifm
itrans-5.3/lib/webincl.tex
itrans-5.3/lib/wntml.ifm
itrans-5.3/lib/xdvng.ifm
itrans-5.3/README
itrans-5.3/src/csx2i.c
itrans-5.3/src/deansify.c
itrans-5.3/src/dflt_mkl.c
itrans-5.3/src/dodeans
itrans-5.3/src/dodeans.bat
itrans-5.3/src/font.c
itrans-5.3/src/ichar.c
itrans-5.3/src/ifm.h
itrans-5.3/src/ilex.c
itrans-5.3/src/ilex.l
itrans-5.3/src/imap.h
itrans-5.3/src/iother.c
itrans-5.3/src/itohtml.c
itrans-5.3/src/itops.c
itrans-5.3/src/itotex.c
itrans-5.3/src/itrans.1
itrans-5.3/src/itrans.c
itrans-5.3/src/itrans.exe
itrans-5.3/src/itrans.h
itrans-5.3/src/itrans.man
itrans-5.3/src/itrans-post.pl
itrans-5.3/src/iyacc.c
itrans-5.3/src/iyacc.y
itrans-5.3/src/Makefile.dist
itrans-5.3/src/Makefile
itrans-5.3/src/makefile.dsp
itrans-5.3/src/marker.c
itrans-5.3/src/pifm.c
itrans-5.3/src/prips
itrans-5.3/src/prips.1
itrans-5.3/src/prips.bat
itrans-5.3/src/prips.man
itrans-5.3/src/tfmload.c
itrans-5.3/src/tlgu_mkl.c
itrans-5.3/src/tlink.res
itrans-5.3/src/tmil_mkl.c
itrans-5.3/src/utils.c
itrans-5.3/src/version.h
itrans-5.3/src/y_tab.h
itrans-5.3/TRANS.TXT
